Importing plotly failed. Interactive plots will not work.
14:38:50 - cmdstanpy - INFO - Chain [1] start processing
14:38:50 - cmdstanpy - INFO - Chain [1] done processing
14:38:50 - cmdstanpy - INFO - Chain [1] start processing
14:38:50 - cmdstanpy - INFO - Chain [1] done processing
14:38:51 - cmdstanpy - INFO - Chain [1] start processing
14:38:51 - cmdstanpy - INFO - Chain [1] done processing
14:38:51 - cmdstanpy - INFO - Chain [1] start processing
14:38:51 - cmdstanpy - INFO - Chain [1] done processing
14:38:51 - cmdstanpy - INFO - Chain [1] start processing
14:38:51 - cmdstanpy - INFO - Chain [1] done processing
14:38:51 - cmdstanpy - INFO - Chain [1] start processing
14:38:51 - cmdstanpy - INFO - Chain [1] done processing
14:38:51 - cmdstanpy - INFO - Chain [1] start processing
14:38:51 - cmdstanpy - INFO - Chain [1] done processing
14:38:51 - cmdstanpy - INFO - Chain [1] start processing
14:38:51 - cmdstanpy - INFO - Chain [1] done processing
14:38:51 - cmdstanpy - INFO - Chain [1] start processing
14:38:51 - cmdstanpy - INFO - Chain [1] done processing
14:38:51 - cmdstanpy - INFO - Chain [1] start processing
14:38:51 - cmdstanpy - INFO - Chain [1] done processing
14:38:51 - cmdstanpy - INFO - Chain [1] start processing
14:38:51 - cmdstanpy - INFO - Chain [1] done processing
14:38:51 - cmdstanpy - INFO - Chain [1] start processing
14:38:51 - cmdstanpy - INFO - Chain [1] done processing
14:38:51 - cmdstanpy - INFO - Chain [1] start processing
14:38:51 - cmdstanpy - INFO - Chain [1] done processing
14:38:51 - cmdstanpy - INFO - Chain [1] start processing
14:38:51 - cmdstanpy - INFO - Chain [1] done processing
14:38:51 - cmdstanpy - INFO - Chain [1] start processing
14:38:51 - cmdstanpy - INFO - Chain [1] done processing
14:38:51 - cmdstanpy - INFO - Chain [1] start processing
14:38:51 - cmdstanpy - INFO - Chain [1] done processing
14:38:51 - cmdstanpy - INFO - Chain [1] start processing
14:38:51 - cmdstanpy - INFO - Chain [1] done processing
14:38:51 - cmdstanpy - INFO - Chain [1] start processing
14:38:51 - cmdstanpy - INFO - Chain [1] done processing
14:38:51 - cmdstanpy - INFO - Chain [1] start processing
14:38:51 - cmdstanpy - INFO - Chain [1] done processing
14:38:51 - cmdstanpy - INFO - Chain [1] start processing
14:38:51 - cmdstanpy - INFO - Chain [1] done processing
14:38:52 - cmdstanpy - INFO - Chain [1] start processing
14:38:52 - cmdstanpy - INFO - Chain [1] done processing
14:38:52 - cmdstanpy - INFO - Chain [1] start processing
14:38:52 - cmdstanpy - INFO - Chain [1] done processing
14:38:52 - cmdstanpy - INFO - Chain [1] start processing
14:38:52 - cmdstanpy - INFO - Chain [1] done processing
14:38:52 - cmdstanpy - INFO - Chain [1] start processing
14:38:52 - cmdstanpy - INFO - Chain [1] done processing
14:38:52 - cmdstanpy - INFO - Chain [1] start processing
14:38:52 - cmdstanpy - INFO - Chain [1] done processing
14:38:52 - cmdstanpy - INFO - Chain [1] start processing
14:38:52 - cmdstanpy - INFO - Chain [1] done processing
14:38:52 - cmdstanpy - INFO - Chain [1] start processing
14:38:52 - cmdstanpy - INFO - Chain [1] done processing
14:38:52 - cmdstanpy - INFO - Chain [1] start processing
14:38:52 - cmdstanpy - INFO - Chain [1] done processing
14:38:52 - cmdstanpy - INFO - Chain [1] start processing
14:38:52 - cmdstanpy - INFO - Chain [1] done processing
14:38:52 - cmdstanpy - INFO - Chain [1] start processing
14:38:52 - cmdstanpy - INFO - Chain [1] done processing
14:38:52 - cmdstanpy - INFO - Chain [1] start processing
14:38:52 - cmdstanpy - INFO - Chain [1] done processing
14:38:52 - cmdstanpy - INFO - Chain [1] start processing
14:38:52 - cmdstanpy - INFO - Chain [1] done processing
14:38:52 - cmdstanpy - INFO - Chain [1] start processing
14:38:52 - cmdstanpy - INFO - Chain [1] done processing
14:38:52 - cmdstanpy - INFO - Chain [1] start processing
14:38:52 - cmdstanpy - INFO - Chain [1] done processing
14:38:52 - cmdstanpy - INFO - Chain [1] start processing
14:38:52 - cmdstanpy - INFO - Chain [1] done processing
14:38:52 - cmdstanpy - INFO - Chain [1] start processing
14:38:52 - cmdstanpy - INFO - Chain [1] done processing
14:38:52 - cmdstanpy - INFO - Chain [1] start processing
14:38:52 - cmdstanpy - INFO - Chain [1] done processing
14:38:52 - cmdstanpy - INFO - Chain [1] start processing
14:38:52 - cmdstanpy - INFO - Chain [1] done processing
14:38:52 - cmdstanpy - INFO - Chain [1] start processing
14:38:53 - cmdstanpy - INFO - Chain [1] done processing
14:38:53 - cmdstanpy - INFO - Chain [1] start processing
14:38:53 - cmdstanpy - INFO - Chain [1] done processing
14:38:53 - cmdstanpy - INFO - Chain [1] start processing
14:38:53 - cmdstanpy - INFO - Chain [1] done processing
14:38:53 - cmdstanpy - INFO - Chain [1] start processing
14:38:53 - cmdstanpy - INFO - Chain [1] done processing
14:38:53 - cmdstanpy - INFO - Chain [1] start processing
14:38:53 - cmdstanpy - INFO - Chain [1] done processing
14:38:53 - cmdstanpy - INFO - Chain [1] start processing
14:38:53 - cmdstanpy - INFO - Chain [1] done processing
14:38:53 - cmdstanpy - INFO - Chain [1] start processing
14:38:53 - cmdstanpy - INFO - Chain [1] done processing
14:38:53 - cmdstanpy - INFO - Chain [1] start processing
14:38:53 - cmdstanpy - INFO - Chain [1] done processing
14:38:53 - cmdstanpy - INFO - Chain [1] start processing
14:38:53 - cmdstanpy - INFO - Chain [1] done processing
14:38:53 - cmdstanpy - INFO - Chain [1] start processing
14:38:53 - cmdstanpy - INFO - Chain [1] done processing
14:38:53 - cmdstanpy - INFO - Chain [1] start processing
14:38:53 - cmdstanpy - INFO - Chain [1] done processing
14:38:53 - cmdstanpy - INFO - Chain [1] start processing
14:38:53 - cmdstanpy - INFO - Chain [1] done processing
14:38:53 - cmdstanpy - INFO - Chain [1] start processing
14:38:53 - cmdstanpy - INFO - Chain [1] done processing
14:38:53 - cmdstanpy - INFO - Chain [1] start processing
14:38:53 - cmdstanpy - INFO - Chain [1] done processing
14:38:53 - cmdstanpy - INFO - Chain [1] start processing
14:38:53 - cmdstanpy - INFO - Chain [1] done processing
14:38:53 - cmdstanpy - INFO - Chain [1] start processing
14:38:53 - cmdstanpy - INFO - Chain [1] done processing
14:38:53 - cmdstanpy - INFO - Chain [1] start processing
14:38:53 - cmdstanpy - INFO - Chain [1] done processing
14:38:53 - cmdstanpy - INFO - Chain [1] start processing
14:38:53 - cmdstanpy - INFO - Chain [1] done processing
14:38:53 - cmdstanpy - INFO - Chain [1] start processing
14:38:53 - cmdstanpy - INFO - Chain [1] done processing
14:38:54 - cmdstanpy - INFO - Chain [1] start processing
14:38:54 - cmdstanpy - INFO - Chain [1] done processing
14:38:54 - cmdstanpy - INFO - Chain [1] start processing
14:38:54 - cmdstanpy - INFO - Chain [1] done processing
14:38:54 - cmdstanpy - INFO - Chain [1] start processing
14:38:54 - cmdstanpy - INFO - Chain [1] done processing
14:38:54 - cmdstanpy - INFO - Chain [1] start processing
14:38:54 - cmdstanpy - INFO - Chain [1] done processing
14:38:54 - cmdstanpy - INFO - Chain [1] start processing
14:38:54 - cmdstanpy - INFO - Chain [1] done processing
14:38:54 - cmdstanpy - INFO - Chain [1] start processing
14:38:54 - cmdstanpy - INFO - Chain [1] done processing
14:38:54 - cmdstanpy - INFO - Chain [1] start processing
14:38:54 - cmdstanpy - INFO - Chain [1] done processing
14:38:54 - cmdstanpy - INFO - Chain [1] start processing
14:38:54 - cmdstanpy - INFO - Chain [1] done processing
14:38:54 - cmdstanpy - INFO - Chain [1] start processing
14:38:54 - cmdstanpy - INFO - Chain [1] done processing
14:38:54 - cmdstanpy - INFO - Chain [1] start processing
14:38:54 - cmdstanpy - INFO - Chain [1] done processing
14:38:54 - cmdstanpy - INFO - Chain [1] start processing
14:38:54 - cmdstanpy - INFO - Chain [1] done processing
14:38:54 - cmdstanpy - INFO - Chain [1] start processing
14:38:54 - cmdstanpy - INFO - Chain [1] done processing
14:38:54 - cmdstanpy - INFO - Chain [1] start processing
14:38:54 - cmdstanpy - INFO - Chain [1] done processing
14:38:54 - cmdstanpy - INFO - Chain [1] start processing
14:38:54 - cmdstanpy - INFO - Chain [1] done processing
14:38:54 - cmdstanpy - INFO - Chain [1] start processing
14:38:54 - cmdstanpy - INFO - Chain [1] done processing
14:38:54 - cmdstanpy - INFO - Chain [1] start processing
14:38:54 - cmdstanpy - INFO - Chain [1] done processing
14:38:55 - cmdstanpy - INFO - Chain [1] start processing
14:38:55 - cmdstanpy - INFO - Chain [1] done processing
14:38:55 - cmdstanpy - INFO - Chain [1] start processing
14:38:55 - cmdstanpy - INFO - Chain [1] done processing
14:38:55 - cmdstanpy - INFO - Chain [1] start processing
14:38:55 - cmdstanpy - INFO - Chain [1] done processing
14:38:55 - cmdstanpy - INFO - Chain [1] start processing
14:38:55 - cmdstanpy - INFO - Chain [1] done processing
14:38:55 - cmdstanpy - INFO - Chain [1] start processing
14:38:55 - cmdstanpy - INFO - Chain [1] done processing
14:38:55 - cmdstanpy - INFO - Chain [1] start processing
14:38:55 - cmdstanpy - INFO - Chain [1] done processing
14:38:55 - cmdstanpy - INFO - Chain [1] start processing
14:38:55 - cmdstanpy - INFO - Chain [1] done processing
14:38:55 - cmdstanpy - INFO - Chain [1] start processing
14:38:55 - cmdstanpy - INFO - Chain [1] done processing
14:38:55 - cmdstanpy - INFO - Chain [1] start processing
14:38:55 - cmdstanpy - INFO - Chain [1] done processing
14:38:55 - cmdstanpy - INFO - Chain [1] start processing
14:38:55 - cmdstanpy - INFO - Chain [1] done processing
14:38:55 - cmdstanpy - INFO - Chain [1] start processing
14:38:55 - cmdstanpy - INFO - Chain [1] done processing
14:38:55 - cmdstanpy - INFO - Chain [1] start processing
14:38:55 - cmdstanpy - INFO - Chain [1] done processing
14:38:55 - cmdstanpy - INFO - Chain [1] start processing
14:38:55 - cmdstanpy - INFO - Chain [1] done processing
14:38:55 - cmdstanpy - INFO - Chain [1] start processing
14:38:55 - cmdstanpy - INFO - Chain [1] done processing
14:38:55 - cmdstanpy - INFO - Chain [1] start processing
14:38:55 - cmdstanpy - INFO - Chain [1] done processing
14:38:55 - cmdstanpy - INFO - Chain [1] start processing
14:38:55 - cmdstanpy - INFO - Chain [1] done processing
14:38:55 - cmdstanpy - INFO - Chain [1] start processing
14:38:55 - cmdstanpy - INFO - Chain [1] done processing
14:38:55 - cmdstanpy - INFO - Chain [1] start processing
14:38:55 - cmdstanpy - INFO - Chain [1] done processing
14:38:56 - cmdstanpy - INFO - Chain [1] start processing
14:38:56 - cmdstanpy - INFO - Chain [1] done processing
14:38:56 - cmdstanpy - INFO - Chain [1] start processing
14:38:56 - cmdstanpy - INFO - Chain [1] done processing
14:38:56 - cmdstanpy - INFO - Chain [1] start processing
14:38:56 - cmdstanpy - INFO - Chain [1] done processing
14:38:56 - cmdstanpy - INFO - Chain [1] start processing
14:38:56 - cmdstanpy - INFO - Chain [1] done processing
14:38:56 - cmdstanpy - INFO - Chain [1] start processing
14:38:56 - cmdstanpy - INFO - Chain [1] done processing
14:38:56 - cmdstanpy - INFO - Chain [1] start processing
14:38:56 - cmdstanpy - INFO - Chain [1] done processing
14:38:56 - cmdstanpy - INFO - Chain [1] start processing
14:38:56 - cmdstanpy - INFO - Chain [1] done processing
14:38:56 - cmdstanpy - INFO - Chain [1] start processing
14:38:56 - cmdstanpy - INFO - Chain [1] done processing
14:38:56 - cmdstanpy - INFO - Chain [1] start processing
14:38:56 - cmdstanpy - INFO - Chain [1] done processing
14:38:56 - cmdstanpy - INFO - Chain [1] start processing
14:38:56 - cmdstanpy - INFO - Chain [1] done processing
14:38:56 - cmdstanpy - INFO - Chain [1] start processing
14:38:56 - cmdstanpy - INFO - Chain [1] done processing
14:38:56 - cmdstanpy - INFO - Chain [1] start processing
14:38:56 - cmdstanpy - INFO - Chain [1] done processing
14:38:56 - cmdstanpy - INFO - Chain [1] start processing
14:38:56 - cmdstanpy - INFO - Chain [1] done processing
14:38:56 - cmdstanpy - INFO - Chain [1] start processing
14:38:56 - cmdstanpy - INFO - Chain [1] done processing
14:38:56 - cmdstanpy - INFO - Chain [1] start processing
14:38:56 - cmdstanpy - INFO - Chain [1] done processing
14:38:56 - cmdstanpy - INFO - Chain [1] start processing
14:38:56 - cmdstanpy - INFO - Chain [1] done processing
14:38:56 - cmdstanpy - INFO - Chain [1] start processing
14:38:56 - cmdstanpy - INFO - Chain [1] done processing
14:38:56 - cmdstanpy - INFO - Chain [1] start processing
14:38:56 - cmdstanpy - INFO - Chain [1] done processing
14:38:56 - cmdstanpy - INFO - Chain [1] start processing
14:38:57 - cmdstanpy - INFO - Chain [1] done processing
14:38:57 - cmdstanpy - INFO - Chain [1] start processing
14:38:57 - cmdstanpy - INFO - Chain [1] done processing
14:38:57 - cmdstanpy - INFO - Chain [1] start processing
14:38:57 - cmdstanpy - INFO - Chain [1] done processing
14:38:57 - cmdstanpy - INFO - Chain [1] start processing
14:38:57 - cmdstanpy - INFO - Chain [1] done processing
14:38:57 - cmdstanpy - INFO - Chain [1] start processing
14:38:57 - cmdstanpy - INFO - Chain [1] done processing
14:38:57 - cmdstanpy - INFO - Chain [1] start processing
14:38:57 - cmdstanpy - INFO - Chain [1] done processing
14:38:57 - cmdstanpy - INFO - Chain [1] start processing
14:38:57 - cmdstanpy - INFO - Chain [1] done processing
14:38:57 - cmdstanpy - INFO - Chain [1] start processing
14:38:57 - cmdstanpy - INFO - Chain [1] done processing
14:38:57 - cmdstanpy - INFO - Chain [1] start processing
14:38:57 - cmdstanpy - INFO - Chain [1] done processing
14:38:57 - cmdstanpy - INFO - Chain [1] start processing
14:38:57 - cmdstanpy - INFO - Chain [1] done processing
14:38:57 - cmdstanpy - INFO - Chain [1] start processing
14:38:57 - cmdstanpy - INFO - Chain [1] done processing
14:38:57 - cmdstanpy - INFO - Chain [1] start processing
14:38:57 - cmdstanpy - INFO - Chain [1] done processing
14:38:57 - cmdstanpy - INFO - Chain [1] start processing
14:38:57 - cmdstanpy - INFO - Chain [1] done processing
14:38:57 - cmdstanpy - INFO - Chain [1] start processing
14:38:57 - cmdstanpy - INFO - Chain [1] done processing
14:38:57 - cmdstanpy - INFO - Chain [1] start processing
14:38:57 - cmdstanpy - INFO - Chain [1] done processing
14:38:57 - cmdstanpy - INFO - Chain [1] start processing
14:38:57 - cmdstanpy - INFO - Chain [1] done processing
14:38:57 - cmdstanpy - INFO - Chain [1] start processing
14:38:57 - cmdstanpy - INFO - Chain [1] done processing
14:38:57 - cmdstanpy - INFO - Chain [1] start processing
14:38:57 - cmdstanpy - INFO - Chain [1] done processing
14:38:57 - cmdstanpy - INFO - Chain [1] start processing
14:38:57 - cmdstanpy - INFO - Chain [1] done processing
14:38:57 - cmdstanpy - INFO - Chain [1] start processing
14:38:58 - cmdstanpy - INFO - Chain [1] done processing
14:38:58 - cmdstanpy - INFO - Chain [1] start processing
14:38:58 - cmdstanpy - INFO - Chain [1] done processing
14:38:58 - cmdstanpy - INFO - Chain [1] start processing
14:38:58 - cmdstanpy - INFO - Chain [1] done processing
14:38:58 - cmdstanpy - INFO - Chain [1] start processing
14:38:58 - cmdstanpy - INFO - Chain [1] done processing
14:38:58 - cmdstanpy - INFO - Chain [1] start processing
14:38:58 - cmdstanpy - INFO - Chain [1] done processing
14:38:58 - cmdstanpy - INFO - Chain [1] start processing
14:38:58 - cmdstanpy - INFO - Chain [1] done processing
14:38:58 - cmdstanpy - INFO - Chain [1] start processing
14:38:58 - cmdstanpy - INFO - Chain [1] done processing
14:38:58 - cmdstanpy - INFO - Chain [1] start processing
14:38:58 - cmdstanpy - INFO - Chain [1] done processing
14:38:58 - cmdstanpy - INFO - Chain [1] start processing
14:38:58 - cmdstanpy - INFO - Chain [1] done processing
14:38:58 - cmdstanpy - INFO - Chain [1] start processing
14:38:58 - cmdstanpy - INFO - Chain [1] done processing
14:38:58 - cmdstanpy - INFO - Chain [1] start processing
14:38:58 - cmdstanpy - INFO - Chain [1] done processing
14:38:58 - cmdstanpy - INFO - Chain [1] start processing
14:38:58 - cmdstanpy - INFO - Chain [1] done processing
14:38:58 - cmdstanpy - INFO - Chain [1] start processing
14:38:58 - cmdstanpy - INFO - Chain [1] done processing
14:38:58 - cmdstanpy - INFO - Chain [1] start processing
14:38:58 - cmdstanpy - INFO - Chain [1] done processing
14:38:58 - cmdstanpy - INFO - Chain [1] start processing
14:38:58 - cmdstanpy - INFO - Chain [1] done processing
14:38:58 - cmdstanpy - INFO - Chain [1] start processing
14:38:58 - cmdstanpy - INFO - Chain [1] done processing
14:38:58 - cmdstanpy - INFO - Chain [1] start processing
14:38:58 - cmdstanpy - INFO - Chain [1] done processing
14:38:58 - cmdstanpy - INFO - Chain [1] start processing
14:38:58 - cmdstanpy - INFO - Chain [1] done processing
14:38:58 - cmdstanpy - INFO - Chain [1] start processing
14:38:58 - cmdstanpy - INFO - Chain [1] done processing
14:38:59 - cmdstanpy - INFO - Chain [1] start processing
14:38:59 - cmdstanpy - INFO - Chain [1] done processing
14:38:59 - cmdstanpy - INFO - Chain [1] start processing
14:38:59 - cmdstanpy - INFO - Chain [1] done processing
14:38:59 - cmdstanpy - INFO - Chain [1] start processing
14:38:59 - cmdstanpy - INFO - Chain [1] done processing
14:38:59 - cmdstanpy - INFO - Chain [1] start processing
14:38:59 - cmdstanpy - INFO - Chain [1] done processing
14:38:59 - cmdstanpy - INFO - Chain [1] start processing
14:38:59 - cmdstanpy - INFO - Chain [1] done processing
14:38:59 - cmdstanpy - INFO - Chain [1] start processing
14:38:59 - cmdstanpy - INFO - Chain [1] done processing
14:38:59 - cmdstanpy - INFO - Chain [1] start processing
14:38:59 - cmdstanpy - INFO - Chain [1] done processing
14:38:59 - cmdstanpy - INFO - Chain [1] start processing
14:38:59 - cmdstanpy - INFO - Chain [1] done processing
14:38:59 - cmdstanpy - INFO - Chain [1] start processing
14:38:59 - cmdstanpy - INFO - Chain [1] done processing
14:38:59 - cmdstanpy - INFO - Chain [1] start processing
14:38:59 - cmdstanpy - INFO - Chain [1] done processing
14:38:59 - cmdstanpy - INFO - Chain [1] start processing
14:38:59 - cmdstanpy - INFO - Chain [1] done processing
14:38:59 - cmdstanpy - INFO - Chain [1] start processing
14:38:59 - cmdstanpy - INFO - Chain [1] done processing
14:38:59 - cmdstanpy - INFO - Chain [1] start processing
14:38:59 - cmdstanpy - INFO - Chain [1] done processing
14:38:59 - cmdstanpy - INFO - Chain [1] start processing
14:38:59 - cmdstanpy - INFO - Chain [1] done processing
14:38:59 - cmdstanpy - INFO - Chain [1] start processing
14:38:59 - cmdstanpy - INFO - Chain [1] done processing
14:38:59 - cmdstanpy - INFO - Chain [1] start processing
14:38:59 - cmdstanpy - INFO - Chain [1] done processing
14:38:59 - cmdstanpy - INFO - Chain [1] start processing
14:38:59 - cmdstanpy - INFO - Chain [1] done processing
14:38:59 - cmdstanpy - INFO - Chain [1] start processing
14:38:59 - cmdstanpy - INFO - Chain [1] done processing
14:38:59 - cmdstanpy - INFO - Chain [1] start processing
14:39:00 - cmdstanpy - INFO - Chain [1] done processing
14:39:00 - cmdstanpy - INFO - Chain [1] start processing
14:39:00 - cmdstanpy - INFO - Chain [1] done processing
14:39:00 - cmdstanpy - INFO - Chain [1] start processing
14:39:00 - cmdstanpy - INFO - Chain [1] done processing
14:39:00 - cmdstanpy - INFO - Chain [1] start processing
14:39:00 - cmdstanpy - INFO - Chain [1] done processing
14:39:00 - cmdstanpy - INFO - Chain [1] start processing
14:39:00 - cmdstanpy - INFO - Chain [1] done processing
14:39:00 - cmdstanpy - INFO - Chain [1] start processing
14:39:00 - cmdstanpy - INFO - Chain [1] done processing
14:39:00 - cmdstanpy - INFO - Chain [1] start processing
14:39:00 - cmdstanpy - INFO - Chain [1] done processing
14:39:00 - cmdstanpy - INFO - Chain [1] start processing
14:39:00 - cmdstanpy - INFO - Chain [1] done processing
14:39:00 - cmdstanpy - INFO - Chain [1] start processing
14:39:00 - cmdstanpy - INFO - Chain [1] done processing
14:39:00 - cmdstanpy - INFO - Chain [1] start processing
14:39:00 - cmdstanpy - INFO - Chain [1] done processing
14:39:00 - cmdstanpy - INFO - Chain [1] start processing
14:39:00 - cmdstanpy - INFO - Chain [1] done processing
14:39:00 - cmdstanpy - INFO - Chain [1] start processing
14:39:00 - cmdstanpy - INFO - Chain [1] done processing
14:39:00 - cmdstanpy - INFO - Chain [1] start processing
14:39:00 - cmdstanpy - INFO - Chain [1] done processing
14:39:00 - cmdstanpy - INFO - Chain [1] start processing
14:39:00 - cmdstanpy - INFO - Chain [1] done processing
14:39:00 - cmdstanpy - INFO - Chain [1] start processing
14:39:00 - cmdstanpy - INFO - Chain [1] done processing
14:39:00 - cmdstanpy - INFO - Chain [1] start processing
14:39:00 - cmdstanpy - INFO - Chain [1] done processing
14:39:00 - cmdstanpy - INFO - Chain [1] start processing
14:39:00 - cmdstanpy - INFO - Chain [1] done processing
14:39:00 - cmdstanpy - INFO - Chain [1] start processing
14:39:01 - cmdstanpy - INFO - Chain [1] done processing
14:39:01 - cmdstanpy - INFO - Chain [1] start processing
14:39:01 - cmdstanpy - INFO - Chain [1] done processing
14:39:01 - cmdstanpy - INFO - Chain [1] start processing
14:39:01 - cmdstanpy - INFO - Chain [1] done processing
14:39:01 - cmdstanpy - INFO - Chain [1] start processing
14:39:01 - cmdstanpy - INFO - Chain [1] done processing
14:39:01 - cmdstanpy - INFO - Chain [1] start processing
14:39:01 - cmdstanpy - INFO - Chain [1] done processing
14:39:01 - cmdstanpy - INFO - Chain [1] start processing
14:39:01 - cmdstanpy - INFO - Chain [1] done processing
14:39:01 - cmdstanpy - INFO - Chain [1] start processing
14:39:01 - cmdstanpy - INFO - Chain [1] done processing
14:39:01 - cmdstanpy - INFO - Chain [1] start processing
14:39:01 - cmdstanpy - INFO - Chain [1] done processing
14:39:01 - cmdstanpy - INFO - Chain [1] start processing
14:39:01 - cmdstanpy - INFO - Chain [1] done processing
14:39:01 - cmdstanpy - INFO - Chain [1] start processing
14:39:01 - cmdstanpy - INFO - Chain [1] done processing
{
 "status": "PILOT_PARTIAL_NOT_GATE_PASS",
 "subset_series": 32,
 "joined_rows": 438,
 "common_mask_mae": {
  "prophet": 755.8246452421645,
  "lastavailable": 892.4360730593608,
  "seasonal_naive": 1358.9657534246576,
  "n_common": 438
 },
 "outdir": "/Users/sergey/projects/sberindex-research/output/R8_prophet_pilot_20260927"
}
