Using Python 3.14.4 environment at: output/findings-closeout-20261006/venv-atlas
Resolved 19 packages in 11.31s
Downloading networkx (2.0MiB)
Downloading pandas (10.3MiB)
 Downloaded networkx
 Downloaded pandas
Prepared 4 packages in 18.94s
Installed 19 packages in 283ms
 + cloudpickle==3.1.2
 + iniconfig==2.3.0
 + joblib==1.6.0
 + narwhals==2.26.0
 + networkx==3.6.1
 + numpy==2.5.3
 + packaging==26.3
 + pandas==2.3.3
 + pluggy==1.6.0
 + pyarrow==25.0.1
 + pygments==2.21.0
 + pytest==8.4.2
 + python-dateutil==2.9.0.post0
 + pytz==2026.5
 + scikit-learn==1.9.1
 + scipy==1.18.1
 + six==1.17.0
 + threadpoolctl==3.7.0
 + tzdata==2026.5
