Using Python 3.13.0 environment at: output/findings-closeout-20261006/venv-prophet
Resolved 25 packages in 1.99s
Downloading holidays (1.6MiB)
 Downloaded holidays
Prepared 1 package in 2.14s
Installed 25 packages in 434ms
 + cloudpickle==3.1.2
 + cmdstanpy==1.3.0
 + contourpy==1.4.0
 + cycler==0.12.1
 + fonttools==4.66.1
 + holidays==0.106
 + joblib==1.6.0
 + kiwisolver==1.5.1
 + matplotlib==3.11.2
 + narwhals==2.26.0
 + networkx==3.7
 + numpy==2.5.3
 + packaging==26.3
 + pandas==3.0.6
 + pillow==12.3.0
 + prophet==1.4.0
 + pyarrow==25.0.1
 + pyparsing==3.3.3
 + python-dateutil==2.9.0.post0
 + scikit-learn==1.9.1
 + scipy==1.18.1
 + six==1.17.0
 + stanio==0.5.1
 + threadpoolctl==3.7.0
 + tqdm==4.70.1
